{"data": [{"name": " ", "email": "test@localhost", "you": true, "manageable": "crud", "permissions": {"org.{org_id}": {"perms": "crud", "label": ""}, "user.{org_id}": {"perms": "crud", "label": ""}, "billing.{org_id}": {"perms": "crud", "label": ""}}}, {"name": " ", "email": "test_unperm@localhost", "you": false, "manageable": "crud", "permissions": {"org.{org_id}": {"perms": "r", "label": ""}, "user.{org_id}": {"perms": "r", "label": ""}, "billing.{org_id}": {"perms": "r", "label": ""}}}], "errors": {}, "profiling": {"queries": 0}}
