{"data": [{"id": 2, "name": " ", "email": "test@localhost", "you": true, "manageable": "crud", "permissions": {"users": "crud", "billing.contact": "crud", "billing.service": "crud", "billing.orderhistory": "crud", "manage": "crud"}}, {"id": 4, "name": " ", "email": "test_unperm@localhost", "you": false, "manageable": "crud", "permissions": {"users": "r", "billing.contact": "r", "billing.service": "r", "billing.orderhistory": "r", "manage": "r"}}], "errors": {}, "profiling": {"queries": 0}}
