{"create_org_user": true, "read_org_user": true, "update_org_user": true, "delete_org_user": true, "create_org_billing": true, "read_org_billing": true, "update_org_billing": true, "delete_org_billing": true,
"create_org_org": true, "read_org_org": true, "update_org_org": true,
"delete_org_org": true, "has_asn": false}
