{"create_org_users": true, "read_org_users": true, "update_org_users": true, "delete_org_users": true, "create_org_billing__contact": true, "read_org_billing__contact": true, "update_org_billing__contact": true, "delete_org_billing__contact": true, "create_org_billing__service": true, "read_org_billing__service": true, "update_org_billing__service": true, "delete_org_billing__service": true, "create_org_billing__orderhistory": true, "read_org_billing__orderhistory": true, "update_org_billing__orderhistory": true, "delete_org_billing__orderhistory": true,
"create_org_manage": true, "read_org_manage": true, "update_org_manage": true,
"delete_org_manage": true}
