{"data": [{"id": 1, "name": "PersonalOrgtest", "label": "user_test (Personal)", "slug": "personalorgtest", "selected": true, "personal": true, "is_admin": true}, {"id": 2, "name": "test", "label": "test", "slug": "test", "selected": false, "personal": false, "is_admin": true}], "errors": {}, "profiling": {"queries": 0}}
